<!-- Generated by pkgdown: do not edit by hand -->
<!DOCTYPE html>
<html lang="en">
  <head>
  <meta charset="utf-8">
<meta http-equiv="X-UA-Compatible" content="IE=edge">
<meta name="viewport" content="width=device-width, initial-scale=1.0">

<title>Runs the Zalpha function on the r-squared values over the expected r-squared values for the region — Zalpha_rsq_over_expected • zalpha</title>


<!-- jquery -->
<script src="https://cdnjs.cloudflare.com/ajax/libs/jquery/3.4.1/jquery.min.js" integrity="sha256-CSXorXvZcTkaix6Yvo6HppcZGetbYMGWSFlBw8HfCJo=" crossorigin="anonymous"></script>
<!-- Bootstrap -->
<link href="https://cdnjs.cloudflare.com/ajax/libs/bootswatch/3.4.0/sandstone/bootstrap.min.css" rel="stylesheet" crossorigin="anonymous" />


<script src="https://cdnjs.cloudflare.com/ajax/libs/twitter-bootstrap/3.4.1/js/bootstrap.min.js" integrity="sha256-nuL8/2cJ5NDSSwnKD8VqreErSWHtnEP9E7AySL+1ev4=" crossorigin="anonymous"></script>

<!-- bootstrap-toc -->
<link rel="stylesheet" href="../bootstrap-toc.css">
<script src="../bootstrap-toc.js"></script>

<!-- Font Awesome icons -->
<link rel="stylesheet" href="https://cdnjs.cloudflare.com/ajax/libs/font-awesome/5.12.1/css/all.min.css" integrity="sha256-mmgLkCYLUQbXn0B1SRqzHar6dCnv9oZFPEC1g1cwlkk=" crossorigin="anonymous" />
<link rel="stylesheet" href="https://cdnjs.cloudflare.com/ajax/libs/font-awesome/5.12.1/css/v4-shims.min.css" integrity="sha256-wZjR52fzng1pJHwx4aV2AO3yyTOXrcDW7jBpJtTwVxw=" crossorigin="anonymous" />

<!-- clipboard.js -->
<script src="https://cdnjs.cloudflare.com/ajax/libs/clipboard.js/2.0.6/clipboard.min.js" integrity="sha256-inc5kl9MA1hkeYUt+EC3BhlIgyp/2jDIyBLS6k3UxPI=" crossorigin="anonymous"></script>

<!-- headroom.js -->
<script src="https://cdnjs.cloudflare.com/ajax/libs/headroom/0.11.0/headroom.min.js" integrity="sha256-AsUX4SJE1+yuDu5+mAVzJbuYNPHj/WroHuZ8Ir/CkE0=" crossorigin="anonymous"></script>
<script src="https://cdnjs.cloudflare.com/ajax/libs/headroom/0.11.0/jQuery.headroom.min.js" integrity="sha256-ZX/yNShbjqsohH1k95liqY9Gd8uOiE1S4vZc+9KQ1K4=" crossorigin="anonymous"></script>

<!-- pkgdown -->
<link href="../pkgdown.css" rel="stylesheet">
<script src="../pkgdown.js"></script>




<meta property="og:title" content="Runs the Zalpha function on the r-squared values over the expected r-squared values for the region — Zalpha_rsq_over_expected" />
<meta property="og:description" content="Returns a \(Z_{\alpha}^{r^2/E[r^2]}\) value for each SNP location supplied to the function, based on
the expected \(r^2\) values given an LD profile and genetic distances.
For more information about the \(Z_{\alpha}^{r^2/E[r^2]}\) statistic, please see Jacobs (2016).
The \(Z_{\alpha}^{r^2/E[r^2]}\) statistic is defined as:
$${Z_{\alpha}^{r^2/E[r^2]}}=\frac{{|L| \choose 2}^{-1}\sum_{i,j \in L}r^2_{i,j}/E[r^2_{i,j}] + {|R| \choose 2}^{-1}\sum_{i,j \in R}r^2_{i,j}/E[r^2_{i,j}]}{2}$$
where |L| and |R| are the number of SNPs to the left and right of the current locus within the given window ws, \(r^2\) is equal to
the squared correlation between a pair of SNPs, and \(E[r^2]\) is equal to the expected squared correlation between a pair of SNPs, given an LD profile." />




<!-- mathjax -->
<script src="https://cdnjs.cloudflare.com/ajax/libs/mathjax/2.7.5/MathJax.js" integrity="sha256-nvJJv9wWKEm88qvoQl9ekL2J+k/RWIsaSScxxlsrv8k=" crossorigin="anonymous"></script>
<script src="https://cdnjs.cloudflare.com/ajax/libs/mathjax/2.7.5/config/TeX-AMS-MML_HTMLorMML.js" integrity="sha256-84DKXVJXs0/F8OTMzX4UR909+jtl4G7SPypPavF+GfA=" crossorigin="anonymous"></script>

<!--[if lt IE 9]>
<script src="https://oss.maxcdn.com/html5shiv/3.7.3/html5shiv.min.js"></script>
<script src="https://oss.maxcdn.com/respond/1.4.2/respond.min.js"></script>
<![endif]-->



  </head>

  <body data-spy="scroll" data-target="#toc">
    <div class="container template-reference-topic">
      <header>
      <div class="navbar navbar-default navbar-fixed-top" role="navigation">
  <div class="container">
    <div class="navbar-header">
      <button type="button" class="navbar-toggle collapsed" data-toggle="collapse" data-target="#navbar" aria-expanded="false">
        <span class="sr-only">Toggle navigation</span>
        <span class="icon-bar"></span>
        <span class="icon-bar"></span>
        <span class="icon-bar"></span>
      </button>
      <span class="navbar-brand">
        <a class="navbar-link" href="../index.html">zalpha</a>
        <span class="version label label-default" data-toggle="tooltip" data-placement="bottom" title="Released version">0.2.0.9999</span>
      </span>
    </div>

    <div id="navbar" class="navbar-collapse collapse">
      <ul class="nav navbar-nav">
        <li>
  <a href="../index.html">
    <span class="fas fa fas fa-home fa-lg"></span>
     
  </a>
</li>
<li>
  <a href="../articles/zalpha.html">Get started</a>
</li>
<li>
  <a href="../reference/index.html">Reference</a>
</li>
<li>
  <a href="../news/index.html">Changelog</a>
</li>
      </ul>
      <ul class="nav navbar-nav navbar-right">
        
      </ul>
      
    </div><!--/.nav-collapse -->
  </div><!--/.container -->
</div><!--/.navbar -->

      

      </header>

<div class="row">
  <div class="col-md-9 contents">
    <div class="page-header">
    <h1>Runs the Zalpha function on the r-squared values over the expected r-squared values for the region</h1>
    
    <div class="hidden name"><code>Zalpha_rsq_over_expected.Rd</code></div>
    </div>

    <div class="ref-description">
    <p>Returns a \(Z_{\alpha}^{r^2/E[r^2]}\) value for each SNP location supplied to the function, based on
the expected \(r^2\) values given an LD profile and genetic distances.
For more information about the \(Z_{\alpha}^{r^2/E[r^2]}\) statistic, please see Jacobs (2016).
The \(Z_{\alpha}^{r^2/E[r^2]}\) statistic is defined as:
$${Z_{\alpha}^{r^2/E[r^2]}}=\frac{{|L| \choose 2}^{-1}\sum_{i,j \in L}r^2_{i,j}/E[r^2_{i,j}] + {|R| \choose 2}^{-1}\sum_{i,j \in R}r^2_{i,j}/E[r^2_{i,j}]}{2}$$
where <code>|L|</code> and <code>|R|</code> are the number of SNPs to the left and right of the current locus within the given window <code>ws</code>, \(r^2\) is equal to
the squared correlation between a pair of SNPs, and \(E[r^2]\) is equal to the expected squared correlation between a pair of SNPs, given an LD profile.</p>
    </div>

    <pre class="usage"><span class='fu'>Zalpha_rsq_over_expected</span><span class='op'>(</span>
  <span class='va'>pos</span>,
  <span class='va'>ws</span>,
  <span class='va'>x</span>,
  <span class='va'>dist</span>,
  <span class='va'>LDprofile_bins</span>,
  <span class='va'>LDprofile_rsq</span>,
  minRandL <span class='op'>=</span> <span class='fl'>4</span>,
  minRL <span class='op'>=</span> <span class='fl'>25</span>,
  X <span class='op'>=</span> <span class='cn'>NULL</span>
<span class='op'>)</span></pre>

    <h2 class="hasAnchor" id="arguments"><a class="anchor" href="#arguments"></a>Arguments</h2>
    <table class="ref-arguments">
    <colgroup><col class="name" /><col class="desc" /></colgroup>
    <tr>
      <th>pos</th>
      <td><p>A numeric vector of SNP locations</p></td>
    </tr>
    <tr>
      <th>ws</th>
      <td><p>The window size which the \(Z_{\alpha}^{r^2/E[r^2]}\) statistic will be calculated over. This should be on the same scale as the <code>pos</code> vector.</p></td>
    </tr>
    <tr>
      <th>x</th>
      <td><p>A matrix of SNP values. Columns represent chromosomes; rows are SNP locations. Hence, the number of rows should equal the length of the <code>pos</code> vector. SNPs should all be biallelic.</p></td>
    </tr>
    <tr>
      <th>dist</th>
      <td><p>A numeric vector of genetic distances (e.g. cM, LDU). This should be the same length as <code>pos</code>.</p></td>
    </tr>
    <tr>
      <th>LDprofile_bins</th>
      <td><p>A numeric vector containing the lower bound of the bins used in the LD profile. These should be of equal size.</p></td>
    </tr>
    <tr>
      <th>LDprofile_rsq</th>
      <td><p>A numeric vector containing the expected \(r^2\) values for the corresponding bin in the LD profile. Must be between 0 and 1.</p></td>
    </tr>
    <tr>
      <th>minRandL</th>
      <td><p>Minimum number of SNPs in each set R and L for the statistic to be calculated. Default is 4.</p></td>
    </tr>
    <tr>
      <th>minRL</th>
      <td><p>Minimum value for the product of the set sizes for R and L. Default is 25.</p></td>
    </tr>
    <tr>
      <th>X</th>
      <td><p>Optional. Specify a region of the chromosome to calculate \(Z_{\alpha}^{r^2/E[r^2]}\) for in the format <code><a href='https://rdrr.io/r/base/c.html'>c(startposition, endposition)</a></code>. The start position and the end position should be within the extremes of the positions given in the <code>pos</code> vector. If not supplied, the function will calculate \(Z_{\alpha}^{r^2/E[r^2]}\) for every SNP in the <code>pos</code> vector.</p></td>
    </tr>
    </table>

    <h2 class="hasAnchor" id="value"><a class="anchor" href="#value"></a>Value</h2>

    <p>A list containing the SNP positions and the \(Z_{\alpha}^{r^2/E[r^2]}\) values for those SNPs</p>
    <h2 class="hasAnchor" id="details"><a class="anchor" href="#details"></a>Details</h2>

    <p>The LD profile describes the expected correlation between SNPs at a given genetic distance, generated using simulations or
real data. Care should be taken to utilise an LD profile that is representative of the population in question. The LD
profile should consist of evenly sized bins of distances (for example 0.0001 cM per bin), where the value given is the (inclusive) lower
bound of the bin. Ideally, an LD profile would be generated using data from a null population with no selection, however one can be generated
using this data. See the <code><a href='create_LDprofile.html'>create_LDprofile</a></code> function for more information on how to create an LD profile.</p>
    <h2 class="hasAnchor" id="references"><a class="anchor" href="#references"></a>References</h2>

    <p>Jacobs, G.S., T.J. Sluckin, and T. Kivisild, <em>Refining the Use of Linkage Disequilibrium as a Robust Signature of Selective Sweeps.</em> Genetics, 2016. <strong>203</strong>(4): p. 1807</p>
    <h2 class="hasAnchor" id="see-also"><a class="anchor" href="#see-also"></a>See also</h2>

    <div class='dont-index'><p><code><a href='create_LDprofile.html'>create_LDprofile</a></code></p></div>

    <h2 class="hasAnchor" id="examples"><a class="anchor" href="#examples"></a>Examples</h2>
    <pre class="examples"><div class='input'><span class='co'>## load the snps and LDprofile example datasets</span>
<span class='fu'><a href='https://rdrr.io/r/utils/data.html'>data</a></span><span class='op'>(</span><span class='va'>snps</span><span class='op'>)</span>
<span class='fu'><a href='https://rdrr.io/r/utils/data.html'>data</a></span><span class='op'>(</span><span class='va'>LDprofile</span><span class='op'>)</span>
<span class='co'>## run Zalpha_rsq_over_expected over all the SNPs with a window size of 3000 bp</span>
<span class='fu'>Zalpha_rsq_over_expected</span><span class='op'>(</span><span class='va'>snps</span><span class='op'>$</span><span class='va'>bp_positions</span>,<span class='fl'>3000</span>,<span class='fu'><a href='https://rdrr.io/r/base/matrix.html'>as.matrix</a></span><span class='op'>(</span><span class='va'>snps</span><span class='op'>[</span>,<span class='fl'>3</span><span class='op'>:</span><span class='fl'>12</span><span class='op'>]</span><span class='op'>)</span>,<span class='va'>snps</span><span class='op'>$</span><span class='va'>cM_distances</span>,
 <span class='va'>LDprofile</span><span class='op'>$</span><span class='va'>bin</span>,<span class='va'>LDprofile</span><span class='op'>$</span><span class='va'>rsq</span><span class='op'>)</span>
</div><div class='output co'>#&gt; $position
#&gt;  [1]  100  200  300  400  500  600  700  800  900 1000 1100 1200 1300 1400 1500
#&gt; [16] 1600 1700 1800 1900 2000
#&gt; 
#&gt; $Zalpha_rsq_over_expected
#&gt;  [1]       NA       NA       NA       NA 1.229709 1.455017 1.557973 1.473750
#&gt;  [9] 1.663279 1.748810 1.655937 1.560111 1.348384 1.540937 1.403390 1.302492
#&gt; [17]       NA       NA       NA       NA
#&gt; </div><div class='input'><span class='co'>## only return results for SNPs between locations 600 and 1500 bp</span>
<span class='fu'>Zalpha_rsq_over_expected</span><span class='op'>(</span><span class='va'>snps</span><span class='op'>$</span><span class='va'>bp_positions</span>,<span class='fl'>3000</span>,<span class='fu'><a href='https://rdrr.io/r/base/matrix.html'>as.matrix</a></span><span class='op'>(</span><span class='va'>snps</span><span class='op'>[</span>,<span class='fl'>3</span><span class='op'>:</span><span class='fl'>12</span><span class='op'>]</span><span class='op'>)</span>,<span class='va'>snps</span><span class='op'>$</span><span class='va'>cM_distances</span>,
 <span class='va'>LDprofile</span><span class='op'>$</span><span class='va'>bin</span>,<span class='va'>LDprofile</span><span class='op'>$</span><span class='va'>rsq</span>,X<span class='op'>=</span><span class='fu'><a href='https://rdrr.io/r/base/c.html'>c</a></span><span class='op'>(</span><span class='fl'>600</span>,<span class='fl'>1500</span><span class='op'>)</span><span class='op'>)</span>
</div><div class='output co'>#&gt; $position
#&gt;  [1]  600  700  800  900 1000 1100 1200 1300 1400 1500
#&gt; 
#&gt; $Zalpha_rsq_over_expected
#&gt;  [1] 1.455017 1.557973 1.473750 1.663279 1.748810 1.655937 1.560111 1.348384
#&gt;  [9] 1.540937 1.403390
#&gt; </div><div class='input'>
</div></pre>
  </div>
  <div class="col-md-3 hidden-xs hidden-sm" id="pkgdown-sidebar">
    <nav id="toc" data-toggle="toc" class="sticky-top">
      <h2 data-toc-skip>Contents</h2>
    </nav>
  </div>
</div>


      <footer>
      <div class="copyright">
  <p>Developed by Clare Horscroft.</p>
</div>

<div class="pkgdown">
  <p>Site built with <a href="https://pkgdown.r-lib.org/">pkgdown</a> 1.6.1.</p>
</div>

      </footer>
   </div>

  


  </body>
</html>


